Scenario,FirstYearNetIncome,Year5NetIncome,Year10NetIncome,TSPLongevity,TotalLifetimeIncomePV,InitialTSPBalance,FinalTSPBalance,NetIncome2030,NetIncome2035,NetIncome2040,PreRetirementNet2030,PreRetirementNet2035,PreRetirementNet2040
