Scenario,Year,ActualYear,NetIncome,TotalGrossIncome,TSPBalance,IsRetired
